Archive member included to satisfy reference by file (symbol)

c:/program files (x86)/atmel/studio/7.0/toolchain/avr8/avr8-gnu-toolchain/bin/../lib/gcc/avr/5.4.0/avr5\libgcc.a(_divmodhi4.o)
                              MCAL/DIO/DIO.o (__divmodhi4)
c:/program files (x86)/atmel/studio/7.0/toolchain/avr8/avr8-gnu-toolchain/bin/../lib/gcc/avr/5.4.0/avr5\libgcc.a(_udivmodsi4.o)
                              ECUAL/US/Us.o (__udivmodsi4)
c:/program files (x86)/atmel/studio/7.0/toolchain/avr8/avr8-gnu-toolchain/bin/../lib/gcc/avr/5.4.0/avr5\libgcc.a(_exit.o)
                              C:/Program Files (x86)/Atmel/Studio/7.0/Packs/atmel/ATmega_DFP/1.3.300/gcc/dev/atmega32/avr5/crtatmega32.o (exit)
c:/program files (x86)/atmel/studio/7.0/toolchain/avr8/avr8-gnu-toolchain/bin/../lib/gcc/avr/5.4.0/avr5\libgcc.a(_tablejump2.o)
                              MCAL/Timer/Timer.o (__tablejump2__)
c:/program files (x86)/atmel/studio/7.0/toolchain/avr8/avr8-gnu-toolchain/bin/../lib/gcc/avr/5.4.0/avr5\libgcc.a(_clear_bss.o)
                              Application layer/Car_SM/car_sm.o (__do_clear_bss)
c:/program files (x86)/atmel/studio/7.0/toolchain/avr8/avr8-gnu-toolchain/bin/../lib/gcc/avr/5.4.0/avr5\libgcc.a(_umulhisi3.o)
                              MCAL/PWM/PWM.o (__umulhisi3)
c:/program files (x86)/atmel/studio/7.0/toolchain/avr8/avr8-gnu-toolchain/bin/../lib/gcc/avr/5.4.0/avr5\libgcc.a(_muluhisi3.o)
                              COMMON/SoftwareDelay.o (__muluhisi3)
c:/program files (x86)/atmel/studio/7.0/toolchain/avr8/avr8-gnu-toolchain/bin/../lib/gcc/avr/5.4.0/avr5\libgcc.a(_udivmodhi4.o)
                              c:/program files (x86)/atmel/studio/7.0/toolchain/avr8/avr8-gnu-toolchain/bin/../lib/gcc/avr/5.4.0/avr5\libgcc.a(_divmodhi4.o) (__udivmodhi4)

Allocating common symbols
Common symbol       size              file

sg32_Distance       0x4               Application layer/Car_SM/car_sm.o
States              0x1               Application layer/Car_SM/car_sm.o

Discarded input sections

 .data          0x00000000        0x0 C:/Program Files (x86)/Atmel/Studio/7.0/Packs/atmel/ATmega_DFP/1.3.300/gcc/dev/atmega32/avr5/crtatmega32.o
 .bss           0x00000000        0x0 C:/Program Files (x86)/Atmel/Studio/7.0/Packs/atmel/ATmega_DFP/1.3.300/gcc/dev/atmega32/avr5/crtatmega32.o
 .text          0x00000000        0x0 Application layer/Car_SM/car_sm.o
 .data          0x00000000        0x0 Application layer/Car_SM/car_sm.o
 .bss           0x00000000        0x0 Application layer/Car_SM/car_sm.o
 .text          0x00000000        0x0 Application layer/Steering/Steering.o
 .data          0x00000000        0x0 Application layer/Steering/Steering.o
 .bss           0x00000000        0x0 Application layer/Steering/Steering.o
 .text          0x00000000        0x0 ECUAL/ICU/ICU.o
 .data          0x00000000        0x0 ECUAL/ICU/ICU.o
 .bss           0x00000000        0x0 ECUAL/ICU/ICU.o
 .text          0x00000000        0x0 ECUAL/LCD/char_lcd.o
 .data          0x00000000        0x0 ECUAL/LCD/char_lcd.o
 .bss           0x00000000        0x0 ECUAL/LCD/char_lcd.o
 .text.LCD_EN_pulse
                0x00000000       0x2e ECUAL/LCD/char_lcd.o
 .text.LCD_config_pins
                0x00000000       0x82 ECUAL/LCD/char_lcd.o
 .text.LCD_send_nibble
                0x00000000       0x74 ECUAL/LCD/char_lcd.o
 .text.LCD_send_char
                0x00000000       0x36 ECUAL/LCD/char_lcd.o
 .text.LCD_send_command
                0x00000000       0x36 ECUAL/LCD/char_lcd.o
 .text.LCD_init
                0x00000000       0x48 ECUAL/LCD/char_lcd.o
 .text.LCD_clear
                0x00000000        0x8 ECUAL/LCD/char_lcd.o
 .text.LCD_send_string
                0x00000000       0x1e ECUAL/LCD/char_lcd.o
 .text.LCD_goto_xy
                0x00000000       0x1e ECUAL/LCD/char_lcd.o
 .debug_info    0x00000000      0x662 ECUAL/LCD/char_lcd.o
 .debug_abbrev  0x00000000      0x120 ECUAL/LCD/char_lcd.o
 .debug_loc     0x00000000      0x27d ECUAL/LCD/char_lcd.o
 .debug_aranges
                0x00000000       0x60 ECUAL/LCD/char_lcd.o
 .debug_ranges  0x00000000       0x50 ECUAL/LCD/char_lcd.o
 .debug_line    0x00000000      0x2ce ECUAL/LCD/char_lcd.o
 .debug_str     0x00000000      0x260 ECUAL/LCD/char_lcd.o
 .comment       0x00000000       0x31 ECUAL/LCD/char_lcd.o
 .debug_frame   0x00000000       0xd8 ECUAL/LCD/char_lcd.o
 .text          0x00000000        0x0 ECUAL/Motor/Motor.o
 .data          0x00000000        0x0 ECUAL/Motor/Motor.o
 .bss           0x00000000        0x0 ECUAL/Motor/Motor.o
 .text.Motor_GetStatus
                0x00000000       0x2a ECUAL/Motor/Motor.o
 .text          0x00000000        0x0 ECUAL/US/Us.o
 .data          0x00000000        0x0 ECUAL/US/Us.o
 .bss           0x00000000        0x0 ECUAL/US/Us.o
 .text          0x00000000        0x0 COMMON/SoftwareDelay.o
 .data          0x00000000        0x0 COMMON/SoftwareDelay.o
 .bss           0x00000000        0x0 COMMON/SoftwareDelay.o
 .text          0x00000000        0x0 main.o
 .data          0x00000000        0x0 main.o
 .bss           0x00000000        0x0 main.o
 .text          0x00000000        0x0 MCAL/DIO/DIO.o
 .data          0x00000000        0x0 MCAL/DIO/DIO.o
 .bss           0x00000000        0x0 MCAL/DIO/DIO.o
 .text.DIO_Toggle
                0x00000000       0x3c MCAL/DIO/DIO.o
 .text          0x00000000        0x0 MCAL/External Interrupt/External Interrupt.o
 .data          0x00000000        0x0 MCAL/External Interrupt/External Interrupt.o
 .bss           0x00000000        0x0 MCAL/External Interrupt/External Interrupt.o
 .text.ExternInt_GetStatus
                0x00000000       0x4e MCAL/External Interrupt/External Interrupt.o
 .text.ExternInt_Disable
                0x00000000       0x26 MCAL/External Interrupt/External Interrupt.o
 .text          0x00000000        0x0 MCAL/PWM/PWM.o
 .data          0x00000000        0x0 MCAL/PWM/PWM.o
 .bss           0x00000000        0x0 MCAL/PWM/PWM.o
 .text          0x00000000        0x0 MCAL/Timer/Timer.o
 .data          0x00000000        0x0 MCAL/Timer/Timer.o
 .bss           0x00000000        0x0 MCAL/Timer/Timer.o
 .text.Timer_GetStatus
                0x00000000       0x3c MCAL/Timer/Timer.o
 .text          0x00000000        0x0 c:/program files (x86)/atmel/studio/7.0/toolchain/avr8/avr8-gnu-toolchain/bin/../lib/gcc/avr/5.4.0/avr5\libgcc.a(_divmodhi4.o)
 .data          0x00000000        0x0 c:/program files (x86)/atmel/studio/7.0/toolchain/avr8/avr8-gnu-toolchain/bin/../lib/gcc/avr/5.4.0/avr5\libgcc.a(_divmodhi4.o)
 .bss           0x00000000        0x0 c:/program files (x86)/atmel/studio/7.0/toolchain/avr8/avr8-gnu-toolchain/bin/../lib/gcc/avr/5.4.0/avr5\libgcc.a(_divmodhi4.o)
 .text.libgcc.mul
                0x00000000        0x0 c:/program files (x86)/atmel/studio/7.0/toolchain/avr8/avr8-gnu-toolchain/bin/../lib/gcc/avr/5.4.0/avr5\libgcc.a(_divmodhi4.o)
 .text.libgcc   0x00000000        0x0 c:/program files (x86)/atmel/studio/7.0/toolchain/avr8/avr8-gnu-toolchain/bin/../lib/gcc/avr/5.4.0/avr5\libgcc.a(_divmodhi4.o)
 .text.libgcc.prologue
                0x00000000        0x0 c:/program files (x86)/atmel/studio/7.0/toolchain/avr8/avr8-gnu-toolchain/bin/../lib/gcc/avr/5.4.0/avr5\libgcc.a(_divmodhi4.o)
 .text.libgcc.builtins
                0x00000000        0x0 c:/program files (x86)/atmel/studio/7.0/toolchain/avr8/avr8-gnu-toolchain/bin/../lib/gcc/avr/5.4.0/avr5\libgcc.a(_divmodhi4.o)
 .text.libgcc.fmul
                0x00000000        0x0 c:/program files (x86)/atmel/studio/7.0/toolchain/avr8/avr8-gnu-toolchain/bin/../lib/gcc/avr/5.4.0/avr5\libgcc.a(_divmodhi4.o)
 .text.libgcc.fixed
                0x00000000        0x0 c:/program files (x86)/atmel/studio/7.0/toolchain/avr8/avr8-gnu-toolchain/bin/../lib/gcc/avr/5.4.0/avr5\libgcc.a(_divmodhi4.o)
 .text          0x00000000        0x0 c:/program files (x86)/atmel/studio/7.0/toolchain/avr8/avr8-gnu-toolchain/bin/../lib/gcc/avr/5.4.0/avr5\libgcc.a(_udivmodsi4.o)
 .data          0x00000000        0x0 c:/program files (x86)/atmel/studio/7.0/toolchain/avr8/avr8-gnu-toolchain/bin/../lib/gcc/avr/5.4.0/avr5\libgcc.a(_udivmodsi4.o)
 .bss           0x00000000        0x0 c:/program files (x86)/atmel/studio/7.0/toolchain/avr8/avr8-gnu-toolchain/bin/../lib/gcc/avr/5.4.0/avr5\libgcc.a(_udivmodsi4.o)
 .text.libgcc.mul
                0x00000000        0x0 c:/program files (x86)/atmel/studio/7.0/toolchain/avr8/avr8-gnu-toolchain/bin/../lib/gcc/avr/5.4.0/avr5\libgcc.a(_udivmodsi4.o)
 .text.libgcc   0x00000000        0x0 c:/program files (x86)/atmel/studio/7.0/toolchain/avr8/avr8-gnu-toolchain/bin/../lib/gcc/avr/5.4.0/avr5\libgcc.a(_udivmodsi4.o)
 .text.libgcc.prologue
                0x00000000        0x0 c:/program files (x86)/atmel/studio/7.0/toolchain/avr8/avr8-gnu-toolchain/bin/../lib/gcc/avr/5.4.0/avr5\libgcc.a(_udivmodsi4.o)
 .text.libgcc.builtins
                0x00000000        0x0 c:/program files (x86)/atmel/studio/7.0/toolchain/avr8/avr8-gnu-toolchain/bin/../lib/gcc/avr/5.4.0/avr5\libgcc.a(_udivmodsi4.o)
 .text.libgcc.fmul
                0x00000000        0x0 c:/program files (x86)/atmel/studio/7.0/toolchain/avr8/avr8-gnu-toolchain/bin/../lib/gcc/avr/5.4.0/avr5\libgcc.a(_udivmodsi4.o)
 .text.libgcc.fixed
                0x00000000        0x0 c:/program files (x86)/atmel/studio/7.0/toolchain/avr8/avr8-gnu-toolchain/bin/../lib/gcc/avr/5.4.0/avr5\libgcc.a(_udivmodsi4.o)
 .text          0x00000000        0x0 c:/program files (x86)/atmel/studio/7.0/toolchain/avr8/avr8-gnu-toolchain/bin/../lib/gcc/avr/5.4.0/avr5\libgcc.a(_exit.o)
 .data          0x00000000        0x0 c:/program files (x86)/atmel/studio/7.0/toolchain/avr8/avr8-gnu-toolchain/bin/../lib/gcc/avr/5.4.0/avr5\libgcc.a(_exit.o)
 .bss           0x00000000        0x0 c:/program files (x86)/atmel/studio/7.0/toolchain/avr8/avr8-gnu-toolchain/bin/../lib/gcc/avr/5.4.0/avr5\libgcc.a(_exit.o)
 .text.libgcc.mul
                0x00000000        0x0 c:/program files (x86)/atmel/studio/7.0/toolchain/avr8/avr8-gnu-toolchain/bin/../lib/gcc/avr/5.4.0/avr5\libgcc.a(_exit.o)
 .text.libgcc.div
                0x00000000        0x0 c:/program files (x86)/atmel/studio/7.0/toolchain/avr8/avr8-gnu-toolchain/bin/../lib/gcc/avr/5.4.0/avr5\libgcc.a(_exit.o)
 .text.libgcc   0x00000000        0x0 c:/program files (x86)/atmel/studio/7.0/toolchain/avr8/avr8-gnu-toolchain/bin/../lib/gcc/avr/5.4.0/avr5\libgcc.a(_exit.o)
 .text.libgcc.prologue
                0x00000000        0x0 c:/program files (x86)/atmel/studio/7.0/toolchain/avr8/avr8-gnu-toolchain/bin/../lib/gcc/avr/5.4.0/avr5\libgcc.a(_exit.o)
 .text.libgcc.builtins
                0x00000000        0x0 c:/program files (x86)/atmel/studio/7.0/toolchain/avr8/avr8-gnu-toolchain/bin/../lib/gcc/avr/5.4.0/avr5\libgcc.a(_exit.o)
 .text.libgcc.fmul
                0x00000000        0x0 c:/program files (x86)/atmel/studio/7.0/toolchain/avr8/avr8-gnu-toolchain/bin/../lib/gcc/avr/5.4.0/avr5\libgcc.a(_exit.o)
 .text.libgcc.fixed
                0x00000000        0x0 c:/program files (x86)/atmel/studio/7.0/toolchain/avr8/avr8-gnu-toolchain/bin/../lib/gcc/avr/5.4.0/avr5\libgcc.a(_exit.o)
 .text          0x00000000        0x0 c:/program files (x86)/atmel/studio/7.0/toolchain/avr8/avr8-gnu-toolchain/bin/../lib/gcc/avr/5.4.0/avr5\libgcc.a(_tablejump2.o)
 .data          0x00000000        0x0 c:/program files (x86)/atmel/studio/7.0/toolchain/avr8/avr8-gnu-toolchain/bin/../lib/gcc/avr/5.4.0/avr5\libgcc.a(_tablejump2.o)
 .bss           0x00000000        0x0 c:/program files (x86)/atmel/studio/7.0/toolchain/avr8/avr8-gnu-toolchain/bin/../lib/gcc/avr/5.4.0/avr5\libgcc.a(_tablejump2.o)
 .text.libgcc.mul
                0x00000000        0x0 c:/program files (x86)/atmel/studio/7.0/toolchain/avr8/avr8-gnu-toolchain/bin/../lib/gcc/avr/5.4.0/avr5\libgcc.a(_tablejump2.o)
 .text.libgcc.div
                0x00000000        0x0 c:/program files (x86)/atmel/studio/7.0/toolchain/avr8/avr8-gnu-toolchain/bin/../lib/gcc/avr/5.4.0/avr5\libgcc.a(_tablejump2.o)
 .text.libgcc.prologue
                0x00000000        0x0 c:/program files (x86)/atmel/studio/7.0/toolchain/avr8/avr8-gnu-toolchain/bin/../lib/gcc/avr/5.4.0/avr5\libgcc.a(_tablejump2.o)
 .text.libgcc.builtins
                0x00000000        0x0 c:/program files (x86)/atmel/studio/7.0/toolchain/avr8/avr8-gnu-toolchain/bin/../lib/gcc/avr/5.4.0/avr5\libgcc.a(_tablejump2.o)
 .text.libgcc.fmul
                0x00000000        0x0 c:/program files (x86)/atmel/studio/7.0/toolchain/avr8/avr8-gnu-toolchain/bin/../lib/gcc/avr/5.4.0/avr5\libgcc.a(_tablejump2.o)
 .text.libgcc.fixed
                0x00000000        0x0 c:/program files (x86)/atmel/studio/7.0/toolchain/avr8/avr8-gnu-toolchain/bin/../lib/gcc/avr/5.4.0/avr5\libgcc.a(_tablejump2.o)
 .text          0x00000000        0x0 c:/program files (x86)/atmel/studio/7.0/toolchain/avr8/avr8-gnu-toolchain/bin/../lib/gcc/avr/5.4.0/avr5\libgcc.a(_clear_bss.o)
 .data          0x00000000        0x0 c:/program files (x86)/atmel/studio/7.0/toolchain/avr8/avr8-gnu-toolchain/bin/../lib/gcc/avr/5.4.0/avr5\libgcc.a(_clear_bss.o)
 .bss           0x00000000        0x0 c:/program files (x86)/atmel/studio/7.0/toolchain/avr8/avr8-gnu-toolchain/bin/../lib/gcc/avr/5.4.0/avr5\libgcc.a(_clear_bss.o)
 .text.libgcc.mul
                0x00000000        0x0 c:/program files (x86)/atmel/studio/7.0/toolchain/avr8/avr8-gnu-toolchain/bin/../lib/gcc/avr/5.4.0/avr5\libgcc.a(_clear_bss.o)
 .text.libgcc.div
                0x00000000        0x0 c:/program files (x86)/atmel/studio/7.0/toolchain/avr8/avr8-gnu-toolchain/bin/../lib/gcc/avr/5.4.0/avr5\libgcc.a(_clear_bss.o)
 .text.libgcc   0x00000000        0x0 c:/program files (x86)/atmel/studio/7.0/toolchain/avr8/avr8-gnu-toolchain/bin/../lib/gcc/avr/5.4.0/avr5\libgcc.a(_clear_bss.o)
 .text.libgcc.prologue
                0x00000000        0x0 c:/program files (x86)/atmel/studio/7.0/toolchain/avr8/avr8-gnu-toolchain/bin/../lib/gcc/avr/5.4.0/avr5\libgcc.a(_clear_bss.o)
 .text.libgcc.builtins
                0x00000000        0x0 c:/program files (x86)/atmel/studio/7.0/toolchain/avr8/avr8-gnu-toolchain/bin/../lib/gcc/avr/5.4.0/avr5\libgcc.a(_clear_bss.o)
 .text.libgcc.fmul
                0x00000000        0x0 c:/program files (x86)/atmel/studio/7.0/toolchain/avr8/avr8-gnu-toolchain/bin/../lib/gcc/avr/5.4.0/avr5\libgcc.a(_clear_bss.o)
 .text.libgcc.fixed
                0x00000000        0x0 c:/program files (x86)/atmel/studio/7.0/toolchain/avr8/avr8-gnu-toolchain/bin/../lib/gcc/avr/5.4.0/avr5\libgcc.a(_clear_bss.o)
 .text          0x00000000        0x0 c:/program files (x86)/atmel/studio/7.0/toolchain/avr8/avr8-gnu-toolchain/bin/../lib/gcc/avr/5.4.0/avr5\libgcc.a(_umulhisi3.o)
 .data          0x00000000        0x0 c:/program files (x86)/atmel/studio/7.0/toolchain/avr8/avr8-gnu-toolchain/bin/../lib/gcc/avr/5.4.0/avr5\libgcc.a(_umulhisi3.o)
 .bss           0x00000000        0x0 c:/program files (x86)/atmel/studio/7.0/toolchain/avr8/avr8-gnu-toolchain/bin/../lib/gcc/avr/5.4.0/avr5\libgcc.a(_umulhisi3.o)
 .text.libgcc.div
                0x00000000        0x0 c:/program files (x86)/atmel/studio/7.0/toolchain/avr8/avr8-gnu-toolchain/bin/../lib/gcc/avr/5.4.0/avr5\libgcc.a(_umulhisi3.o)
 .text.libgcc   0x00000000        0x0 c:/program files (x86)/atmel/studio/7.0/toolchain/avr8/avr8-gnu-toolchain/bin/../lib/gcc/avr/5.4.0/avr5\libgcc.a(_umulhisi3.o)
 .text.libgcc.prologue
                0x00000000        0x0 c:/program files (x86)/atmel/studio/7.0/toolchain/avr8/avr8-gnu-toolchain/bin/../lib/gcc/avr/5.4.0/avr5\libgcc.a(_umulhisi3.o)
 .text.libgcc.builtins
                0x00000000        0x0 c:/program files (x86)/atmel/studio/7.0/toolchain/avr8/avr8-gnu-toolchain/bin/../lib/gcc/avr/5.4.0/avr5\libgcc.a(_umulhisi3.o)
 .text.libgcc.fmul
                0x00000000        0x0 c:/program files (x86)/atmel/studio/7.0/toolchain/avr8/avr8-gnu-toolchain/bin/../lib/gcc/avr/5.4.0/avr5\libgcc.a(_umulhisi3.o)
 .text.libgcc.fixed
                0x00000000        0x0 c:/program files (x86)/atmel/studio/7.0/toolchain/avr8/avr8-gnu-toolchain/bin/../lib/gcc/avr/5.4.0/avr5\libgcc.a(_umulhisi3.o)
 .text          0x00000000        0x0 c:/program files (x86)/atmel/studio/7.0/toolchain/avr8/avr8-gnu-toolchain/bin/../lib/gcc/avr/5.4.0/avr5\libgcc.a(_muluhisi3.o)
 .data          0x00000000        0x0 c:/program files (x86)/atmel/studio/7.0/toolchain/avr8/avr8-gnu-toolchain/bin/../lib/gcc/avr/5.4.0/avr5\libgcc.a(_muluhisi3.o)
 .bss           0x00000000        0x0 c:/program files (x86)/atmel/studio/7.0/toolchain/avr8/avr8-gnu-toolchain/bin/../lib/gcc/avr/5.4.0/avr5\libgcc.a(_muluhisi3.o)
 .text.libgcc.div
                0x00000000        0x0 c:/program files (x86)/atmel/studio/7.0/toolchain/avr8/avr8-gnu-toolchain/bin/../lib/gcc/avr/5.4.0/avr5\libgcc.a(_muluhisi3.o)
 .text.libgcc   0x00000000        0x0 c:/program files (x86)/atmel/studio/7.0/toolchain/avr8/avr8-gnu-toolchain/bin/../lib/gcc/avr/5.4.0/avr5\libgcc.a(_muluhisi3.o)
 .text.libgcc.prologue
                0x00000000        0x0 c:/program files (x86)/atmel/studio/7.0/toolchain/avr8/avr8-gnu-toolchain/bin/../lib/gcc/avr/5.4.0/avr5\libgcc.a(_muluhisi3.o)
 .text.libgcc.builtins
                0x00000000        0x0 c:/program files (x86)/atmel/studio/7.0/toolchain/avr8/avr8-gnu-toolchain/bin/../lib/gcc/avr/5.4.0/avr5\libgcc.a(_muluhisi3.o)
 .text.libgcc.fmul
                0x00000000        0x0 c:/program files (x86)/atmel/studio/7.0/toolchain/avr8/avr8-gnu-toolchain/bin/../lib/gcc/avr/5.4.0/avr5\libgcc.a(_muluhisi3.o)
 .text.libgcc.fixed
                0x00000000        0x0 c:/program files (x86)/atmel/studio/7.0/toolchain/avr8/avr8-gnu-toolchain/bin/../lib/gcc/avr/5.4.0/avr5\libgcc.a(_muluhisi3.o)
 .text          0x00000000        0x0 c:/program files (x86)/atmel/studio/7.0/toolchain/avr8/avr8-gnu-toolchain/bin/../lib/gcc/avr/5.4.0/avr5\libgcc.a(_udivmodhi4.o)
 .data          0x00000000        0x0 c:/program files (x86)/atmel/studio/7.0/toolchain/avr8/avr8-gnu-toolchain/bin/../lib/gcc/avr/5.4.0/avr5\libgcc.a(_udivmodhi4.o)
 .bss           0x00000000        0x0 c:/program files (x86)/atmel/studio/7.0/toolchain/avr8/avr8-gnu-toolchain/bin/../lib/gcc/avr/5.4.0/avr5\libgcc.a(_udivmodhi4.o)
 .text.libgcc.mul
                0x00000000        0x0 c:/program files (x86)/atmel/studio/7.0/toolchain/avr8/avr8-gnu-toolchain/bin/../lib/gcc/avr/5.4.0/avr5\libgcc.a(_udivmodhi4.o)
 .text.libgcc   0x00000000        0x0 c:/program files (x86)/atmel/studio/7.0/toolchain/avr8/avr8-gnu-toolchain/bin/../lib/gcc/avr/5.4.0/avr5\libgcc.a(_udivmodhi4.o)
 .text.libgcc.prologue
                0x00000000        0x0 c:/program files (x86)/atmel/studio/7.0/toolchain/avr8/avr8-gnu-toolchain/bin/../lib/gcc/avr/5.4.0/avr5\libgcc.a(_udivmodhi4.o)
 .text.libgcc.builtins
                0x00000000        0x0 c:/program files (x86)/atmel/studio/7.0/toolchain/avr8/avr8-gnu-toolchain/bin/../lib/gcc/avr/5.4.0/avr5\libgcc.a(_udivmodhi4.o)
 .text.libgcc.fmul
                0x00000000        0x0 c:/program files (x86)/atmel/studio/7.0/toolchain/avr8/avr8-gnu-toolchain/bin/../lib/gcc/avr/5.4.0/avr5\libgcc.a(_udivmodhi4.o)
 .text.libgcc.fixed
                0x00000000        0x0 c:/program files (x86)/atmel/studio/7.0/toolchain/avr8/avr8-gnu-toolchain/bin/../lib/gcc/avr/5.4.0/avr5\libgcc.a(_udivmodhi4.o)

Memory Configuration

Name             Origin             Length             Attributes
text             0x00000000         0x00020000         xr
data             0x00800060         0x0000ffa0         rw !x
eeprom           0x00810000         0x00010000         rw !x
fuse             0x00820000         0x00000002         rw !x
lock             0x00830000         0x00000400         rw !x
signature        0x00840000         0x00000400         rw !x
user_signatures  0x00850000         0x00000400         rw !x
*default*        0x00000000         0xffffffff

Linker script and memory map

LOAD C:/Program Files (x86)/Atmel/Studio/7.0/Packs/atmel/ATmega_DFP/1.3.300/gcc/dev/atmega32/avr5/crtatmega32.o
LOAD Application layer/Car_SM/car_sm.o
LOAD Application layer/Steering/Steering.o
LOAD ECUAL/ICU/ICU.o
LOAD ECUAL/LCD/char_lcd.o
LOAD ECUAL/Motor/Motor.o
LOAD ECUAL/US/Us.o
LOAD COMMON/SoftwareDelay.o
LOAD main.o
LOAD MCAL/DIO/DIO.o
LOAD MCAL/External Interrupt/External Interrupt.o
LOAD MCAL/PWM/PWM.o
LOAD MCAL/Timer/Timer.o
START GROUP
LOAD c:/program files (x86)/atmel/studio/7.0/toolchain/avr8/avr8-gnu-toolchain/bin/../lib/gcc/avr/5.4.0/../../../../avr/lib/avr5\libm.a
END GROUP
START GROUP
LOAD c:/program files (x86)/atmel/studio/7.0/toolchain/avr8/avr8-gnu-toolchain/bin/../lib/gcc/avr/5.4.0/avr5\libgcc.a
LOAD c:/program files (x86)/atmel/studio/7.0/toolchain/avr8/avr8-gnu-toolchain/bin/../lib/gcc/avr/5.4.0/../../../../avr/lib/avr5\libm.a
LOAD c:/program files (x86)/atmel/studio/7.0/toolchain/avr8/avr8-gnu-toolchain/bin/../lib/gcc/avr/5.4.0/../../../../avr/lib/avr5\libc.a
LOAD C:/Program Files (x86)/Atmel/Studio/7.0/Packs/atmel/ATmega_DFP/1.3.300/gcc/dev/atmega32/avr5\libatmega32.a
END GROUP
                0x00000000                __TEXT_REGION_ORIGIN__ = DEFINED (__TEXT_REGION_ORIGIN__)?__TEXT_REGION_ORIGIN__:0x0
                0x00800060                __DATA_REGION_ORIGIN__ = DEFINED (__DATA_REGION_ORIGIN__)?__DATA_REGION_ORIGIN__:0x800060
                0x00020000                __TEXT_REGION_LENGTH__ = DEFINED (__TEXT_REGION_LENGTH__)?__TEXT_REGION_LENGTH__:0x20000
                0x0000ffa0                __DATA_REGION_LENGTH__ = DEFINED (__DATA_REGION_LENGTH__)?__DATA_REGION_LENGTH__:0xffa0
                0x00010000                __EEPROM_REGION_LENGTH__ = DEFINED (__EEPROM_REGION_LENGTH__)?__EEPROM_REGION_LENGTH__:0x10000
                [0x00000002]                __FUSE_REGION_LENGTH__ = DEFINED (__FUSE_REGION_LENGTH__)?__FUSE_REGION_LENGTH__:0x400
                0x00000400                __LOCK_REGION_LENGTH__ = DEFINED (__LOCK_REGION_LENGTH__)?__LOCK_REGION_LENGTH__:0x400
                0x00000400                __SIGNATURE_REGION_LENGTH__ = DEFINED (__SIGNATURE_REGION_LENGTH__)?__SIGNATURE_REGION_LENGTH__:0x400
                0x00000400                __USER_SIGNATURE_REGION_LENGTH__ = DEFINED (__USER_SIGNATURE_REGION_LENGTH__)?__USER_SIGNATURE_REGION_LENGTH__:0x400

.hash
 *(.hash)

.dynsym
 *(.dynsym)

.dynstr
 *(.dynstr)

.gnu.version
 *(.gnu.version)

.gnu.version_d
 *(.gnu.version_d)

.gnu.version_r
 *(.gnu.version_r)

.rel.init
 *(.rel.init)

.rela.init
 *(.rela.init)

.rel.text
 *(.rel.text)
 *(.rel.text.*)
 *(.rel.gnu.linkonce.t*)

.rela.text
 *(.rela.text)
 *(.rela.text.*)
 *(.rela.gnu.linkonce.t*)

.rel.fini
 *(.rel.fini)

.rela.fini
 *(.rela.fini)

.rel.rodata
 *(.rel.rodata)
 *(.rel.rodata.*)
 *(.rel.gnu.linkonce.r*)

.rela.rodata
 *(.rela.rodata)
 *(.rela.rodata.*)
 *(.rela.gnu.linkonce.r*)

.rel.data
 *(.rel.data)
 *(.rel.data.*)
 *(.rel.gnu.linkonce.d*)

.rela.data
 *(.rela.data)
 *(.rela.data.*)
 *(.rela.gnu.linkonce.d*)

.rel.ctors
 *(.rel.ctors)

.rela.ctors
 *(.rela.ctors)

.rel.dtors
 *(.rel.dtors)

.rela.dtors
 *(.rela.dtors)

.rel.got
 *(.rel.got)

.rela.got
 *(.rela.got)

.rel.bss
 *(.rel.bss)

.rela.bss
 *(.rela.bss)

.rel.plt
 *(.rel.plt)

.rela.plt
 *(.rela.plt)

.text           0x00000000     0x13ae
 *(.vectors)
 .vectors       0x00000000       0x54 C:/Program Files (x86)/Atmel/Studio/7.0/Packs/atmel/ATmega_DFP/1.3.300/gcc/dev/atmega32/avr5/crtatmega32.o
                0x00000000                __vector_default
                0x00000000                __vectors
 *(.vectors)
 *(.progmem.gcc*)
 .progmem.gcc_sw_table.Timer_Init
                0x00000054        0xe MCAL/Timer/Timer.o
                0x00000062                . = ALIGN (0x2)
                0x00000062                __trampolines_start = .
 *(.trampolines)
 .trampolines   0x00000062        0x0 linker stubs
 *(.trampolines*)
                0x00000062                __trampolines_end = .
 *libprintf_flt.a:*(.progmem.data)
 *libc.a:*(.progmem.data)
 *(.progmem*)
                0x00000062                . = ALIGN (0x2)
 *(.jumptables)
 *(.jumptables*)
 *(.lowtext)
 *(.lowtext*)
                0x00000062                __ctors_start = .
 *(.ctors)
                0x00000062                __ctors_end = .
                0x00000062                __dtors_start = .
 *(.dtors)
                0x00000062                __dtors_end = .
 SORT(*)(.ctors)
 SORT(*)(.dtors)
 *(.init0)
 .init0         0x00000062        0x0 C:/Program Files (x86)/Atmel/Studio/7.0/Packs/atmel/ATmega_DFP/1.3.300/gcc/dev/atmega32/avr5/crtatmega32.o
                0x00000062                __init
 *(.init0)
 *(.init1)
 *(.init1)
 *(.init2)
 .init2         0x00000062        0xc C:/Program Files (x86)/Atmel/Studio/7.0/Packs/atmel/ATmega_DFP/1.3.300/gcc/dev/atmega32/avr5/crtatmega32.o
 *(.init2)
 *(.init3)
 *(.init3)
 *(.init4)
 .init4         0x0000006e       0x10 c:/program files (x86)/atmel/studio/7.0/toolchain/avr8/avr8-gnu-toolchain/bin/../lib/gcc/avr/5.4.0/avr5\libgcc.a(_clear_bss.o)
                0x0000006e                __do_clear_bss
 *(.init4)
 *(.init5)
 *(.init5)
 *(.init6)
 *(.init6)
 *(.init7)
 *(.init7)
 *(.init8)
 *(.init8)
 *(.init9)
 .init9         0x0000007e        0x8 C:/Program Files (x86)/Atmel/Studio/7.0/Packs/atmel/ATmega_DFP/1.3.300/gcc/dev/atmega32/avr5/crtatmega32.o
 *(.init9)
 *(.text)
 .text          0x00000086        0x4 C:/Program Files (x86)/Atmel/Studio/7.0/Packs/atmel/ATmega_DFP/1.3.300/gcc/dev/atmega32/avr5/crtatmega32.o
                0x00000086                __vector_12
                0x00000086                __bad_interrupt
                0x00000086                __vector_6
                0x00000086                __vector_13
                0x00000086                __vector_17
                0x00000086                __vector_19
                0x00000086                __vector_7
                0x00000086                __vector_4
                0x00000086                __vector_15
                0x00000086                __vector_8
                0x00000086                __vector_14
                0x00000086                __vector_10
                0x00000086                __vector_16
                0x00000086                __vector_18
                0x00000086                __vector_20
                0x0000008a                . = ALIGN (0x2)
 *(.text.*)
 .text.Car_SM_Init
                0x0000008a        0xc Application layer/Car_SM/car_sm.o
                0x0000008a                Car_SM_Init
 .text.Car_SM_Update
                0x00000096      0x116 Application layer/Car_SM/car_sm.o
                0x00000096                Car_SM_Update
 .text.Steering_Init
                0x000001ac       0x20 Application layer/Steering/Steering.o
                0x000001ac                Steering_Init
 .text.Steering_SteerCar
                0x000001cc       0xc6 Application layer/Steering/Steering.o
                0x000001cc                Steering_SteerCar
 .text.Icu_TimerOverFlows_Callback_Func
                0x00000292        0xc ECUAL/ICU/ICU.o
                0x00000292                Icu_TimerOverFlows_Callback_Func
 .text.Icu_EdgeToEdge_Callback_Func
                0x0000029e       0x5c ECUAL/ICU/ICU.o
                0x0000029e                Icu_EdgeToEdge_Callback_Func
 .text.Icu_Init
                0x000002fa       0x48 ECUAL/ICU/ICU.o
                0x000002fa                Icu_Init
 .text.Icu_RiseToFall
                0x00000342       0xaa ECUAL/ICU/ICU.o
                0x00000342                Icu_RiseToFall
 .text.Motor_Init
                0x000003ec       0x66 ECUAL/Motor/Motor.o
                0x000003ec                Motor_Init
 .text.Motor_Direction
                0x00000452       0xbe ECUAL/Motor/Motor.o
                0x00000452                Motor_Direction
 .text.Motor_Start
                0x00000510       0x36 ECUAL/Motor/Motor.o
                0x00000510                Motor_Start
 .text.Motor_SpeedUpdate
                0x00000546       0x36 ECUAL/Motor/Motor.o
                0x00000546                Motor_SpeedUpdate
 .text.Motor_Stop
                0x0000057c       0x26 ECUAL/Motor/Motor.o
                0x0000057c                Motor_Stop
 .text.Us_Init  0x000005a2       0x44 ECUAL/US/Us.o
                0x000005a2                Us_Init
 .text.Us_Trigger
                0x000005e6       0x1e ECUAL/US/Us.o
                0x000005e6                Us_Trigger
 .text.Us_GetDistance
                0x00000604       0x3c ECUAL/US/Us.o
                0x00000604                Us_GetDistance
 .text.SwDelay_ms
                0x00000640       0x34 COMMON/SoftwareDelay.o
                0x00000640                SwDelay_ms
 .text.main     0x00000674       0x10 main.o
                0x00000674                main
 .text.DIO_init
                0x00000684       0xba MCAL/DIO/DIO.o
                0x00000684                DIO_init
 .text.DIO_Write
                0x0000073e       0x9c MCAL/DIO/DIO.o
                0x0000073e                DIO_Write
 .text.DIO_Read
                0x000007da       0x66 MCAL/DIO/DIO.o
                0x000007da                DIO_Read
 .text.ExternInt_Init
                0x00000840      0x11c MCAL/External Interrupt/External Interrupt.o
                0x00000840                ExternInt_Init
 .text.ExternInt_Enable
                0x0000095c       0x2c MCAL/External Interrupt/External Interrupt.o
                0x0000095c                ExternInt_Enable
 .text.ExternInt_SetEvent
                0x00000988       0xc4 MCAL/External Interrupt/External Interrupt.o
                0x00000988                ExternInt_SetEvent
 .text.__vector_1
                0x00000a4c       0x4e MCAL/External Interrupt/External Interrupt.o
                0x00000a4c                __vector_1
 .text.__vector_2
                0x00000a9a       0x4e MCAL/External Interrupt/External Interrupt.o
                0x00000a9a                __vector_2
 .text.__vector_3
                0x00000ae8       0x4e MCAL/External Interrupt/External Interrupt.o
                0x00000ae8                __vector_3
 .text.Pwm_Init
                0x00000b36      0x1de MCAL/PWM/PWM.o
                0x00000b36                Pwm_Init
 .text.Pwm_Start
                0x00000d14      0x100 MCAL/PWM/PWM.o
                0x00000d14                Pwm_Start
 .text.Pwm_Update
                0x00000e14       0xe2 MCAL/PWM/PWM.o
                0x00000e14                Pwm_Update
 .text.Pwm_Stop
                0x00000ef6       0x3c MCAL/PWM/PWM.o
                0x00000ef6                Pwm_Stop
 .text.Timer_Init
                0x00000f32      0x1fa MCAL/Timer/Timer.o
                0x00000f32                Timer_Init
 .text.Timer_Start
                0x0000112c       0x46 MCAL/Timer/Timer.o
                0x0000112c                Timer_Start
 .text.Timer_Stop
                0x00001172       0x34 MCAL/Timer/Timer.o
                0x00001172                Timer_Stop
 .text.Timer_GetValue
                0x000011a6       0x3a MCAL/Timer/Timer.o
                0x000011a6                Timer_GetValue
 .text.__vector_11
                0x000011e0       0x52 MCAL/Timer/Timer.o
                0x000011e0                __vector_11
 .text.__vector_9
                0x00001232       0x52 MCAL/Timer/Timer.o
                0x00001232                __vector_9
 .text.__vector_5
                0x00001284       0x52 MCAL/Timer/Timer.o
                0x00001284                __vector_5
 .text.libgcc.div
                0x000012d6       0x28 c:/program files (x86)/atmel/studio/7.0/toolchain/avr8/avr8-gnu-toolchain/bin/../lib/gcc/avr/5.4.0/avr5\libgcc.a(_divmodhi4.o)
                0x000012d6                _div
                0x000012d6                __divmodhi4
 .text.libgcc.div
                0x000012fe       0x44 c:/program files (x86)/atmel/studio/7.0/toolchain/avr8/avr8-gnu-toolchain/bin/../lib/gcc/avr/5.4.0/avr5\libgcc.a(_udivmodsi4.o)
                0x000012fe                __udivmodsi4
 .text.libgcc   0x00001342        0xc c:/program files (x86)/atmel/studio/7.0/toolchain/avr8/avr8-gnu-toolchain/bin/../lib/gcc/avr/5.4.0/avr5\libgcc.a(_tablejump2.o)
                0x00001342                __tablejump2__
 .text.libgcc.mul
                0x0000134e       0x1e c:/program files (x86)/atmel/studio/7.0/toolchain/avr8/avr8-gnu-toolchain/bin/../lib/gcc/avr/5.4.0/avr5\libgcc.a(_umulhisi3.o)
                0x0000134e                __umulhisi3
 .text.libgcc.mul
                0x0000136c       0x16 c:/program files (x86)/atmel/studio/7.0/toolchain/avr8/avr8-gnu-toolchain/bin/../lib/gcc/avr/5.4.0/avr5\libgcc.a(_muluhisi3.o)
                0x0000136c                __muluhisi3
 .text.libgcc.div
                0x00001382       0x28 c:/program files (x86)/atmel/studio/7.0/toolchain/avr8/avr8-gnu-toolchain/bin/../lib/gcc/avr/5.4.0/avr5\libgcc.a(_udivmodhi4.o)
                0x00001382                __udivmodhi4
                0x000013aa                . = ALIGN (0x2)
 *(.fini9)
 .fini9         0x000013aa        0x0 c:/program files (x86)/atmel/studio/7.0/toolchain/avr8/avr8-gnu-toolchain/bin/../lib/gcc/avr/5.4.0/avr5\libgcc.a(_exit.o)
                0x000013aa                _exit
                0x000013aa                exit
 *(.fini9)
 *(.fini8)
 *(.fini8)
 *(.fini7)
 *(.fini7)
 *(.fini6)
 *(.fini6)
 *(.fini5)
 *(.fini5)
 *(.fini4)
 *(.fini4)
 *(.fini3)
 *(.fini3)
 *(.fini2)
 *(.fini2)
 *(.fini1)
 *(.fini1)
 *(.fini0)
 .fini0         0x000013aa        0x4 c:/program files (x86)/atmel/studio/7.0/toolchain/avr8/avr8-gnu-toolchain/bin/../lib/gcc/avr/5.4.0/avr5\libgcc.a(_exit.o)
 *(.fini0)
                0x000013ae                _etext = .

.data           0x00800060        0x0 load address 0x000013ae
                [!provide]                PROVIDE (__data_start, .)
 *(.data)
 *(.data*)
 *(.gnu.linkonce.d*)
 *(.rodata)
 *(.rodata*)
 *(.gnu.linkonce.r*)
                0x00800060                . = ALIGN (0x2)
                0x00800060                _edata = .
                [!provide]                PROVIDE (__data_end, .)

.bss            0x00800060       0x41
                0x00800060                PROVIDE (__bss_start, .)
 *(.bss)
 *(.bss*)
 .bss.ICU_Timer_Init_s
                0x00800060        0x6 ECUAL/ICU/ICU.o
                0x00800060                ICU_Timer_Init_s
 .bss.ICU_Ex_Int_s
                0x00800066        0x4 ECUAL/ICU/ICU.o
                0x00800066                ICU_Ex_Int_s
 .bss.sgu8_Polling
                0x0080006a        0x1 ECUAL/ICU/ICU.o
 .bss.sgu32_NumberOfOverFlows
                0x0080006b        0x1 ECUAL/ICU/ICU.o
 .bss.sgu32_TimeInMicroSeconds
                0x0080006c        0x4 ECUAL/ICU/ICU.o
 .bss.sgu32_TotalNumberOfTicks
                0x00800070        0x4 ECUAL/ICU/ICU.o
 .bss.sgu8_NumberOfTicks
                0x00800074        0x2 ECUAL/ICU/ICU.o
 .bss.DIO_Init_Motor2_s
                0x00800076        0x3 ECUAL/Motor/Motor.o
                0x00800076                DIO_Init_Motor2_s
 .bss.DIO_Init_Motor1_s
                0x00800079        0x3 ECUAL/Motor/Motor.o
                0x00800079                DIO_Init_Motor1_s
 .bss.Pwm_Init_Motor2_s
                0x0080007c        0x2 ECUAL/Motor/Motor.o
                0x0080007c                Pwm_Init_Motor2_s
 .bss.Pwm_Init_Motor1_s
                0x0080007e        0x2 ECUAL/Motor/Motor.o
                0x0080007e                Pwm_Init_Motor1_s
 .bss.su32Total_Time.1645
                0x00800080        0x4 ECUAL/US/Us.o
 .bss.gsa_ExIntCBF
                0x00800084        0x6 MCAL/External Interrupt/External Interrupt.o
 .bss.sgu16_PWM_CH1B_Prescaler_Value
                0x0080008a        0x2 MCAL/PWM/PWM.o
 .bss.sgu16_PWM_CH1A_Prescaler_Value
                0x0080008c        0x2 MCAL/PWM/PWM.o
 .bss.sgu8_PWM_CH2_Prescaler_Mask
                0x0080008e        0x1 MCAL/PWM/PWM.o
 .bss.sgu8_PWM_CH1B_Prescaler_Mask
                0x0080008f        0x1 MCAL/PWM/PWM.o
 .bss.sgu8_PWM_CH1A_Prescaler_Mask
                0x00800090        0x1 MCAL/PWM/PWM.o
 .bss.sgu8_PWM_CH0_Prescaler_Mask
                0x00800091        0x1 MCAL/PWM/PWM.o
 .bss.sga_Timer2CBF
                0x00800092        0x2 MCAL/Timer/Timer.o
 .bss.sga_Timer1CBF
                0x00800094        0x2 MCAL/Timer/Timer.o
 .bss.sga_Timer0CBF
                0x00800096        0x2 MCAL/Timer/Timer.o
 .bss.gsu8_TCCRT2_Prescaler
                0x00800098        0x1 MCAL/Timer/Timer.o
 .bss.gsu16_TCCRT1_Prescaler
                0x00800099        0x2 MCAL/Timer/Timer.o
 .bss.gsu8_TCCRT0_Prescaler
                0x0080009b        0x1 MCAL/Timer/Timer.o
 *(COMMON)
 COMMON         0x0080009c        0x5 Application layer/Car_SM/car_sm.o
                0x0080009c                sg32_Distance
                0x008000a0                States
                0x008000a1                PROVIDE (__bss_end, .)
                0x000013ae                __data_load_start = LOADADDR (.data)
                0x000013ae                __data_load_end = (__data_load_start + SIZEOF (.data))

.noinit         0x008000a1        0x0
                [!provide]                PROVIDE (__noinit_start, .)
 *(.noinit*)
                [!provide]                PROVIDE (__noinit_end, .)
                0x008000a1                _end = .
                [!provide]                PROVIDE (__heap_start, .)

.eeprom         0x00810000        0x0
 *(.eeprom*)
                0x00810000                __eeprom_end = .

.fuse
 *(.fuse)
 *(.lfuse)
 *(.hfuse)
 *(.efuse)

.lock
 *(.lock*)

.signature
 *(.signature*)

.user_signatures
 *(.user_signatures*)

.stab
 *(.stab)

.stabstr
 *(.stabstr)

.stab.excl
 *(.stab.excl)

.stab.exclstr
 *(.stab.exclstr)

.stab.index
 *(.stab.index)

.stab.indexstr
 *(.stab.indexstr)

.comment        0x00000000       0x30
 *(.comment)
 .comment       0x00000000       0x30 Application layer/Car_SM/car_sm.o
                                 0x31 (size before relaxing)
 .comment       0x00000030       0x31 Application layer/Steering/Steering.o
 .comment       0x00000030       0x31 ECUAL/ICU/ICU.o
 .comment       0x00000030       0x31 ECUAL/Motor/Motor.o
 .comment       0x00000030       0x31 ECUAL/US/Us.o
 .comment       0x00000030       0x31 COMMON/SoftwareDelay.o
 .comment       0x00000030       0x31 main.o
 .comment       0x00000030       0x31 MCAL/DIO/DIO.o
 .comment       0x00000030       0x31 MCAL/External Interrupt/External Interrupt.o
 .comment       0x00000030       0x31 MCAL/PWM/PWM.o
 .comment       0x00000030       0x31 MCAL/Timer/Timer.o

.note.gnu.avr.deviceinfo
                0x00000000       0x3c
 .note.gnu.avr.deviceinfo
                0x00000000       0x3c C:/Program Files (x86)/Atmel/Studio/7.0/Packs/atmel/ATmega_DFP/1.3.300/gcc/dev/atmega32/avr5/crtatmega32.o

.note.gnu.build-id
 *(.note.gnu.build-id)

.debug
 *(.debug)

.line
 *(.line)

.debug_srcinfo
 *(.debug_srcinfo)

.debug_sfnames
 *(.debug_sfnames)

.debug_aranges  0x00000000      0x260
 *(.debug_aranges)
 .debug_aranges
                0x00000000       0x28 Application layer/Car_SM/car_sm.o
 .debug_aranges
                0x00000028       0x28 Application layer/Steering/Steering.o
 .debug_aranges
                0x00000050       0x38 ECUAL/ICU/ICU.o
 .debug_aranges
                0x00000088       0x48 ECUAL/Motor/Motor.o
 .debug_aranges
                0x000000d0       0x30 ECUAL/US/Us.o
 .debug_aranges
                0x00000100       0x20 COMMON/SoftwareDelay.o
 .debug_aranges
                0x00000120       0x20 main.o
 .debug_aranges
                0x00000140       0x38 MCAL/DIO/DIO.o
 .debug_aranges
                0x00000178       0x58 MCAL/External Interrupt/External Interrupt.o
 .debug_aranges
                0x000001d0       0x38 MCAL/PWM/PWM.o
 .debug_aranges
                0x00000208       0x58 MCAL/Timer/Timer.o

.debug_pubnames
 *(.debug_pubnames)

.debug_info     0x00000000     0x216f
 *(.debug_info .gnu.linkonce.wi.*)
 .debug_info    0x00000000      0x4e6 C:/Program Files (x86)/Atmel/Studio/7.0/Packs/atmel/ATmega_DFP/1.3.300/gcc/dev/atmega32/avr5/crtatmega32.o
 .debug_info    0x000004e6      0x23f Application layer/Car_SM/car_sm.o
 .debug_info    0x00000725      0x30d Application layer/Steering/Steering.o
 .debug_info    0x00000a32      0x3ff ECUAL/ICU/ICU.o
 .debug_info    0x00000e31      0x525 ECUAL/Motor/Motor.o
 .debug_info    0x00001356      0x267 ECUAL/US/Us.o
 .debug_info    0x000015bd       0xaf COMMON/SoftwareDelay.o
 .debug_info    0x0000166c       0xde main.o
 .debug_info    0x0000174a      0x1dd MCAL/DIO/DIO.o
 .debug_info    0x00001927      0x2d1 MCAL/External Interrupt/External Interrupt.o
 .debug_info    0x00001bf8      0x270 MCAL/PWM/PWM.o
 .debug_info    0x00001e68      0x307 MCAL/Timer/Timer.o

.debug_abbrev   0x00000000      0xeb8
 *(.debug_abbrev)
 .debug_abbrev  0x00000000      0x4a3 C:/Program Files (x86)/Atmel/Studio/7.0/Packs/atmel/ATmega_DFP/1.3.300/gcc/dev/atmega32/avr5/crtatmega32.o
 .debug_abbrev  0x000004a3       0xc1 Application layer/Car_SM/car_sm.o
 .debug_abbrev  0x00000564       0xb6 Application layer/Steering/Steering.o
 .debug_abbrev  0x0000061a      0x121 ECUAL/ICU/ICU.o
 .debug_abbrev  0x0000073b      0x10e ECUAL/Motor/Motor.o
 .debug_abbrev  0x00000849      0x115 ECUAL/US/Us.o
 .debug_abbrev  0x0000095e       0x78 COMMON/SoftwareDelay.o
 .debug_abbrev  0x000009d6       0x8a main.o
 .debug_abbrev  0x00000a60       0xd1 MCAL/DIO/DIO.o
 .debug_abbrev  0x00000b31      0x16e MCAL/External Interrupt/External Interrupt.o
 .debug_abbrev  0x00000c9f      0x118 MCAL/PWM/PWM.o
 .debug_abbrev  0x00000db7      0x101 MCAL/Timer/Timer.o

.debug_line     0x00000000     0x18ae
 *(.debug_line .debug_line.* .debug_line_end)
 .debug_line    0x00000000      0x115 C:/Program Files (x86)/Atmel/Studio/7.0/Packs/atmel/ATmega_DFP/1.3.300/gcc/dev/atmega32/avr5/crtatmega32.o
 .debug_line    0x00000115      0x1a8 Application layer/Car_SM/car_sm.o
 .debug_line    0x000002bd      0x171 Application layer/Steering/Steering.o
 .debug_line    0x0000042e      0x1d1 ECUAL/ICU/ICU.o
 .debug_line    0x000005ff      0x2ce ECUAL/Motor/Motor.o
 .debug_line    0x000008cd      0x102 ECUAL/US/Us.o
 .debug_line    0x000009cf       0x70 COMMON/SoftwareDelay.o
 .debug_line    0x00000a3f       0x90 main.o
 .debug_line    0x00000acf      0x2c5 MCAL/DIO/DIO.o
 .debug_line    0x00000d94      0x3dc MCAL/External Interrupt/External Interrupt.o
 .debug_line    0x00001170      0x346 MCAL/PWM/PWM.o
 .debug_line    0x000014b6      0x3f8 MCAL/Timer/Timer.o

.debug_frame    0x00000000      0x5c0
 *(.debug_frame)
 .debug_frame   0x00000000       0x34 Application layer/Car_SM/car_sm.o
 .debug_frame   0x00000034       0x3c Application layer/Steering/Steering.o
 .debug_frame   0x00000070       0x78 ECUAL/ICU/ICU.o
 .debug_frame   0x000000e8       0x7c ECUAL/Motor/Motor.o
 .debug_frame   0x00000164       0x68 ECUAL/US/Us.o
 .debug_frame   0x000001cc       0x24 COMMON/SoftwareDelay.o
 .debug_frame   0x000001f0       0x24 main.o
 .debug_frame   0x00000214       0x54 MCAL/DIO/DIO.o
 .debug_frame   0x00000268      0x188 MCAL/External Interrupt/External Interrupt.o
 .debug_frame   0x000003f0       0x64 MCAL/PWM/PWM.o
 .debug_frame   0x00000454      0x16c MCAL/Timer/Timer.o

.debug_str      0x00000000      0xa8e
 *(.debug_str)
 .debug_str     0x00000000      0x196 C:/Program Files (x86)/Atmel/Studio/7.0/Packs/atmel/ATmega_DFP/1.3.300/gcc/dev/atmega32/avr5/crtatmega32.o
 .debug_str     0x00000196      0x20d Application layer/Car_SM/car_sm.o
                                0x241 (size before relaxing)
 .debug_str     0x000003a3       0x80 Application layer/Steering/Steering.o
                                0x21b (size before relaxing)
 .debug_str     0x00000423      0x23d ECUAL/ICU/ICU.o
                                0x3bf (size before relaxing)
 .debug_str     0x00000660       0xe8 ECUAL/Motor/Motor.o
                                0x2be (size before relaxing)
 .debug_str     0x00000748       0x38 ECUAL/US/Us.o
                                0x245 (size before relaxing)
 .debug_str     0x00000780       0x1a COMMON/SoftwareDelay.o
                                0x1a1 (size before relaxing)
 .debug_str     0x0000079a       0x1b main.o
                                0x1b5 (size before relaxing)
 .debug_str     0x000007b5       0x31 MCAL/DIO/DIO.o
                                0x1e6 (size before relaxing)
 .debug_str     0x000007e6       0xb4 MCAL/External Interrupt/External Interrupt.o
                                0x2cf (size before relaxing)
 .debug_str     0x0000089a      0x11f MCAL/PWM/PWM.o
                                0x2f7 (size before relaxing)
 .debug_str     0x000009b9       0xd5 MCAL/Timer/Timer.o
                                0x2f9 (size before relaxing)

.debug_loc      0x00000000     0x1bc9
 *(.debug_loc)
 .debug_loc     0x00000000      0x15a Application layer/Steering/Steering.o
 .debug_loc     0x0000015a      0x15d ECUAL/ICU/ICU.o
 .debug_loc     0x000002b7      0x3dd ECUAL/Motor/Motor.o
 .debug_loc     0x00000694       0xf2 ECUAL/US/Us.o
 .debug_loc     0x00000786       0x5e COMMON/SoftwareDelay.o
 .debug_loc     0x000007e4      0x4b9 MCAL/DIO/DIO.o
 .debug_loc     0x00000c9d      0x5f9 MCAL/External Interrupt/External Interrupt.o
 .debug_loc     0x00001296      0x488 MCAL/PWM/PWM.o
 .debug_loc     0x0000171e      0x4ab MCAL/Timer/Timer.o

.debug_macinfo
 *(.debug_macinfo)

.debug_weaknames
 *(.debug_weaknames)

.debug_funcnames
 *(.debug_funcnames)

.debug_typenames
 *(.debug_typenames)

.debug_varnames
 *(.debug_varnames)

.debug_pubtypes
 *(.debug_pubtypes)

.debug_ranges   0x00000000      0x1c8
 *(.debug_ranges)
 .debug_ranges  0x00000000       0x18 Application layer/Car_SM/car_sm.o
 .debug_ranges  0x00000018       0x18 Application layer/Steering/Steering.o
 .debug_ranges  0x00000030       0x28 ECUAL/ICU/ICU.o
 .debug_ranges  0x00000058       0x38 ECUAL/Motor/Motor.o
 .debug_ranges  0x00000090       0x20 ECUAL/US/Us.o
 .debug_ranges  0x000000b0       0x10 COMMON/SoftwareDelay.o
 .debug_ranges  0x000000c0       0x10 main.o
 .debug_ranges  0x000000d0       0x28 MCAL/DIO/DIO.o
 .debug_ranges  0x000000f8       0x60 MCAL/External Interrupt/External Interrupt.o
 .debug_ranges  0x00000158       0x28 MCAL/PWM/PWM.o
 .debug_ranges  0x00000180       0x48 MCAL/Timer/Timer.o

.debug_macro
 *(.debug_macro)
OUTPUT(Static_Design_Project.elf elf32-avr)
LOAD linker stubs
